// Jest Snapshot v1, https://goo.gl/fbAQLP

exports[
  `React Next Project Generator creates a next project and generates the named-slot for passing components 1`
] = `
Object {
  "content": "import React, { useEffect } from 'react'
import Head from 'next/head'

import AppComponent from '../components/component'
import Hero from '../components/hero'
import Footer from '../components/footer'

const Home = (props) => {
  useEffect(() => import('@lottiefiles/lottie-player'), [])
  return (
    <>
      <div className=\\"home-container1\\">
        <Head>
          <title>New Project3</title>
          <meta property=\\"og:title\\" content=\\"New Project3\\" />
        </Head>
        <lottie-player
          src=\\"https://assets9.lottiefiles.com/datafiles/gUENLc1262ccKIO/data.json\\"
          autoplay
          className=\\"home-lottie-node\\"
        ></lottie-player>
        <AppComponent
          fields={{
            Title: 'Custom Name',
          }}
        ></AppComponent>
        <Hero
          namedSlot={
            <div className=\\"home-container2\\">
              This is amazing, because this is a named-slot
              <div className=\\"home-container3\\">
                And can be nested any number of levels
              </div>
            </div>
          }
        ></Hero>
        <Footer></Footer>
      </div>
      <style jsx>
        {\`
          .home-container1 {
            width: 100%;
            display: flex;
            overflow: auto;
            min-height: 100vh;
            align-items: center;
            flex-direction: column;
            justify-content: flex-start;
          }
          .home-lottie-node {
            width: 200px;
            height: 200px;
          }
          .home-container2 {
            padding: 20px;
            font-size: 24px;
            background-color: var(--dl-color-success-700);
          }
          .home-container3 {
            padding: 20px;
            margin-top: 20px;
            background-color: var(--dl-color-danger-700);
          }
          @media (max-width: 479px) {
            .home-container1 {
              color: blue;
            }
          }
        \`}
      </style>
    </>
  )
}

export default Home
",
  "fileType": "js",
  "name": "index",
}
`

exports[
  `React Next Project Generator creates a next project and generates the named-slot for passing components 2`
] = `
Object {
  "content": "import React from 'react'

import PropTypes from 'prop-types'

const Hero = (props) => {
  return (
    <>
      <div className=\\"hero-hero\\">
        <div className=\\"hero-container1\\">
          <div className=\\"hero-container2\\">
            {props.namedSlot ?? (
              <div className=\\"hero-container3\\">
                This is a default value for named-slot
              </div>
            )}
          </div>
          <span className=\\"hero-text1\\">
            <span>
              <span>
                Lorem ipsum dolor sit amet, consectetur adipiscing elit. Sed non
                volutpat turpis.
                <span
                  dangerouslySetInnerHTML={{
                    __html: ' ',
                  }}
                />
              </span>
              <span>
                <span
                  dangerouslySetInnerHTML={{
                    __html: ' ',
                  }}
                />
              </span>
            </span>
            <span>
              <span>
                Mauris luctus rutrum mi ut rhoncus. Integer in dignissim tortor.
                <span
                  dangerouslySetInnerHTML={{
                    __html: ' ',
                  }}
                />
              </span>
              <span>
                <span
                  dangerouslySetInnerHTML={{
                    __html: ' ',
                  }}
                />
              </span>
            </span>
          </span>
          <div className=\\"hero-btn-group\\">
            <button className=\\"hero-button1 button primary-button\\">
              {props.button}
            </button>
            <button className=\\"hero-button2 button secondary-button\\">
              {props.button1}
            </button>
          </div>
        </div>
        <img alt={props.imageAlt} src={props.imageSrc} className=\\"hero-image\\" />
      </div>
      <style jsx>
        {\`
          .hero-hero {
            width: 100%;
            display: flex;
            padding: var(--dl-space-space-threeunits);
            max-width: var(--dl-size-size-maxwidth);
            min-height: 80vh;
            align-items: center;
            flex-direction: row;
            justify-content: space-between;
          }
          .hero-container1 {
            display: flex;
            margin-right: var(--dl-space-space-threeunits);
            padding-right: var(--dl-space-space-threeunits);
            flex-direction: column;
          }
          .hero-container2 {
            font-size: 3rem;
            max-width: 450px;
            font-family: Super Funky;
          }
          .hero-text1 {
            margin-top: var(--dl-space-space-twounits);
            margin-bottom: var(--dl-space-space-twounits);
          }
          .hero-btn-group {
            display: flex;
            align-items: center;
            flex-direction: row;
          }
          .hero-button1 {
            transition: 0.3s;
            padding-top: var(--dl-space-space-unit);
            padding-left: var(--dl-space-space-twounits);
            padding-right: var(--dl-space-space-twounits);
            padding-bottom: var(--dl-space-space-unit);
          }
          .hero-button1:hover {
            color: var(--dl-color-gray-black);
            background-color: var(--dl-color-gray-white);
          }
          .hero-button2 {
            transition: 0.3s;
            margin-left: var(--dl-space-space-unit);
            padding-top: var(--dl-space-space-unit);
            padding-left: var(--dl-space-space-twounits);
            padding-right: var(--dl-space-space-twounits);
            padding-bottom: var(--dl-space-space-unit);
          }
          .hero-button2:hover {
            color: var(--dl-color-gray-white);
            border-color: var(--dl-color-gray-black);
            background-color: var(--dl-color-gray-black);
          }
          .hero-image {
            width: 400px;
            object-fit: cover;
          }
          .hero-container3 {
            padding: 20px;
            background-color: #f0f0f0;
          }
          @media (max-width: 991px) {
            .hero-hero {
              flex-direction: column;
            }
            .hero-container1 {
              align-items: center;
              margin-right: 0px;
              margin-bottom: var(--dl-space-space-twounits);
              padding-right: 0px;
            }
            .hero-container2 {
              text-align: center;
            }
            .hero-text1 {
              text-align: center;
              padding-left: var(--dl-space-space-threeunits);
              padding-right: var(--dl-space-space-threeunits);
            }
          }
          @media (max-width: 767px) {
            .hero-hero {
              padding-left: var(--dl-space-space-twounits);
              padding-right: var(--dl-space-space-twounits);
            }
            .hero-text1 {
              padding-left: var(--dl-space-space-unit);
              padding-right: var(--dl-space-space-unit);
            }
            .hero-image {
              width: 80%;
            }
          }
          @media (max-width: 479px) {
            .hero-hero {
              padding-top: var(--dl-space-space-twounits);
              padding-left: var(--dl-space-space-unit);
              padding-right: var(--dl-space-space-unit);
              padding-bottom: var(--dl-space-space-twounits);
            }
            .hero-container1 {
              margin-bottom: var(--dl-space-space-unit);
            }
            .hero-btn-group {
              flex-direction: column;
            }
            .hero-button2 {
              margin-top: var(--dl-space-space-unit);
              margin-left: 0px;
            }
          }
        \`}
      </style>
    </>
  )
}

Hero.defaultProps = {
  imageSrc:
    'https://images.unsplash.com/photo-1525498128493-380d1990a112?ixid=Mnw5MTMyMXwwfDF8c2VhcmNofDI0fHxtaW5pbWFsaXNtJTIwZ3JlZW58ZW58MHx8fHwxNjI1ODQxMDcw&ixlib=rb-1.2.1&h=1200',
  imageAlt: 'image',
  namedSlot: undefined,
  button: 'Get Started',
  button1: 'Learn More',
}

Hero.propTypes = {
  imageSrc: PropTypes.string,
  imageAlt: PropTypes.string,
  namedSlot: PropTypes.element,
  button: PropTypes.string,
  button1: PropTypes.string,
}

export default Hero
",
  "fileType": "js",
  "name": "hero",
}
`
